// Jest Snapshot v1, https://goo.gl/fbAQLP

exports[`CardService should fetch cards successfully 1`] = `[MockFunction]`;
